[     222ms] [LOG] 
[32m欢迎使用 Art Design Pro！
[0m
[36m哇！你居然在用我的项目～ 好用的话别忘了去 GitHub 点个 ★Star 呀，你的支持就是我更新的超强动力！祝使用体验满分💯
[0m
[33mGitHub: https://github.com/Daymychen/art-design-pro
[0m
[31m技术支持（QQ群）: 1038930070，和开发者一起交流～ 群里有小伙伴实时答疑，遇到问题不用慌！
[0m
 @ http://127.0.0.1:5173/src/utils/sys/console.ts:10
[     339ms] [LOG] 🍍 "worktabStore" store installed 🆕 @ http://127.0.0.1:5173/node_modules/.vite/deps/pinia.js?v=23f07cf2:4616
[  358322ms] [LOG] 
[32m欢迎使用 Art Design Pro！
[0m
[36m哇！你居然在用我的项目～ 好用的话别忘了去 GitHub 点个 ★Star 呀，你的支持就是我更新的超强动力！祝使用体验满分💯
[0m
[33mGitHub: https://github.com/Daymychen/art-design-pro
[0m
[31m技术支持（QQ群）: 1038930070，和开发者一起交流～ 群里有小伙伴实时答疑，遇到问题不用慌！
[0m
 @ http://127.0.0.1:5173/src/utils/sys/console.ts:10
[  358434ms] [LOG] 🍍 "worktabStore" store installed 🆕 @ http://127.0.0.1:5173/node_modules/.vite/deps/pinia.js?v=23f07cf2:4616
[  646937ms] [LOG] 
[32m欢迎使用 Art Design Pro！
[0m
[36m哇！你居然在用我的项目～ 好用的话别忘了去 GitHub 点个 ★Star 呀，你的支持就是我更新的超强动力！祝使用体验满分💯
[0m
[33mGitHub: https://github.com/Daymychen/art-design-pro
[0m
[31m技术支持（QQ群）: 1038930070，和开发者一起交流～ 群里有小伙伴实时答疑，遇到问题不用慌！
[0m
 @ http://127.0.0.1:5173/src/utils/sys/console.ts:10
[  647046ms] [LOG] 🍍 "worktabStore" store installed 🆕 @ http://127.0.0.1:5173/node_modules/.vite/deps/pinia.js?v=23f07cf2:4616
